<html>
<body>
<pre>
<h1>µVision Build Log</h1>
<h2>Tool Versions:</h2>
IDE-Version: ¦ÌVision V5.34.0.0
Copyright (C) 2021 ARM Ltd and ARM Germany GmbH. All rights reserved.
License Information: chen chen, chen, LIC=BUURY-I07Y1-VEKHA-1XKXZ-Y2SWV-YIL13
 
Tool Versions:
Toolchain:       MDK-ARM Plus  Version: 5.34.0.0
Toolchain Path:  C:\installer\Keil\ARM\ARMCC\Bin
C Compiler:      Armcc.exe V5.06 update 7 (build 960)
Assembler:       Armasm.exe V5.06 update 7 (build 960)
Linker/Locator:  ArmLink.exe V5.06 update 7 (build 960)
Library Manager: ArmAr.exe V5.06 update 7 (build 960)
Hex Converter:   FromElf.exe V5.06 update 7 (build 960)
CPU DLL:         SARMCM3.DLL V5.34.0.0
Dialog DLL:      DCM.DLL V1.17.3.0
Target DLL:      STLink\ST-LINKIII-KEIL_SWO.dll V3.0.8.0
Dialog DLL:      TCM.DLL V1.48.0.0
 
<h2>Project:</h2>
C:\installer\STM32CubeMX\STM32103\MDK-ARM\STM32103.uvprojx
Project File Date:  11/13/2022

<h2>Output:</h2>
*** Using Compiler 'V5.06 update 7 (build 960)', folder: 'C:\installer\Keil\ARM\ARMCC\Bin'
Build target 'STM32103'
compiling main.c...
..\MDK-ARM\OLED.h(45): warning:  #1295-D: Deprecated declaration Picture - give arg types
  void Picture();
..\MDK-ARM\OLED.h(46): warning:  #1295-D: Deprecated declaration IIC_Start - give arg types
  void IIC_Start();
..\MDK-ARM\OLED.h(47): warning:  #1295-D: Deprecated declaration IIC_Stop - give arg types
  void IIC_Stop();
..\MDK-ARM\OLED.h(52): warning:  #1295-D: Deprecated declaration IIC_Wait_Ack - give arg types
  void IIC_Wait_Ack();
..\MDK-ARM\OLED.h(53): warning:  #1-D: last line of file ends without a newline
  #endif    
../Core/Src/main.c: 5 warnings, 0 errors
linking...
Program Size: Code=3628 RO-data=284 RW-data=2064 ZI-data=1024  
FromELF: creating hex file...
"STM32103\STM32103.axf" - 0 Error(s), 5 Warning(s).

<h2>Software Packages used:</h2>

Package Vendor: ARM
                http://www.keil.com/pack/ARM.CMSIS.5.7.0.pack
                ARM.CMSIS.5.7.0
                CMSIS (Cortex Microcontroller Software Interface Standard)
   * Component: CORE Version: 5.4.0

Package Vendor: Keil
                http://www.keil.com/pack/Keil.STM32F1xx_DFP.2.4.0.pack
                Keil.STM32F1xx_DFP.2.4.0
                STMicroelectronics STM32F1 Series Device Support, Drivers and Examples

<h2>Collection of Component include folders:</h2>
  .\RTE\_STM32103
  C:\installer\Keil\ARM\CMSIS\5.7.0\CMSIS\Core\Include
  C:\installer\Keil\Keil\STM32F1xx_DFP\2.4.0\Device\Include

<h2>Collection of Component Files used:</h2>

   * Component: ARM::CMSIS:CORE:5.4.0
Build Time Elapsed:  00:00:01
</pre>
</body>
</html>
